Archive member included to satisfy reference by file (symbol)

c:/program files (x86)/atmel/studio/7.0/toolchain/avr8/avr8-gnu-toolchain/bin/../lib/gcc/avr/5.4.0/avrxmega6\libgcc.a(_exit.o)
                              C:/Program Files (x86)/Atmel/Studio/7.0/Packs/atmel/XMEGAA_DFP/1.1.68/gcc/dev/atxmega128a3u/avrxmega6/crtatxmega128a3u.o (exit)
c:/program files (x86)/atmel/studio/7.0/toolchain/avr8/avr8-gnu-toolchain/bin/../lib/gcc/avr/5.4.0/avrxmega6\libgcc.a(_copy_data.o)
                              main.o (__do_copy_data)

Discarded input sections

 .data          0x00000000        0x0 C:/Program Files (x86)/Atmel/Studio/7.0/Packs/atmel/XMEGAA_DFP/1.1.68/gcc/dev/atxmega128a3u/avrxmega6/crtatxmega128a3u.o
 .bss           0x00000000        0x0 C:/Program Files (x86)/Atmel/Studio/7.0/Packs/atmel/XMEGAA_DFP/1.1.68/gcc/dev/atxmega128a3u/avrxmega6/crtatxmega128a3u.o
 .text          0x00000000        0x0 ADC_C1.o
 .data          0x00000000        0x0 ADC_C1.o
 .bss           0x00000000        0x0 ADC_C1.o
 .debug_line    0x00000000        0x0 ADC_C1.o
 .debug_str     0x00000000      0x110 ADC_C1.o
 .comment       0x00000000       0x31 ADC_C1.o
 .text          0x00000000        0x0 ADC_C2.o
 .data          0x00000000        0x0 ADC_C2.o
 .bss           0x00000000        0x0 ADC_C2.o
 .text.setUp_ADC_C2
                0x00000000       0x34 ADC_C2.o
 .text.config_ADC_C2_registers
                0x00000000       0xba ADC_C2.o
 .text.setUp_ADC_C2_Interrupt
                0x00000000       0x1e ADC_C2.o
 .text.Send_Command_to_ADC_C2
                0x00000000        0x6 ADC_C2.o
 .text.Read_from_ADC_C2
                0x00000000       0x16 ADC_C2.o
 .text.Initialize_ADC_C2
                0x00000000        0xe ADC_C2.o
 .text          0x00000000        0x0 ADC_D1.o
 .data          0x00000000        0x0 ADC_D1.o
 .bss           0x00000000        0x0 ADC_D1.o
 .debug_line    0x00000000        0x0 ADC_D1.o
 .debug_str     0x00000000      0x110 ADC_D1.o
 .comment       0x00000000       0x31 ADC_D1.o
 .text          0x00000000        0x0 ADC_D2.o
 .data          0x00000000        0x0 ADC_D2.o
 .bss           0x00000000        0x0 ADC_D2.o
 .text.Send_Command_to_ADC_D2
                0x00000000        0x6 ADC_D2.o
 .text.Read_from_ADC_D2
                0x00000000       0x16 ADC_D2.o
 .text.Initialize_ADC_D2
                0x00000000        0xe ADC_D2.o
 .text          0x00000000        0x0 ADC_E1.o
 .data          0x00000000        0x0 ADC_E1.o
 .bss           0x00000000        0x0 ADC_E1.o
 .debug_line    0x00000000        0x0 ADC_E1.o
 .debug_str     0x00000000      0x110 ADC_E1.o
 .comment       0x00000000       0x31 ADC_E1.o
 .text          0x00000000        0x0 ADC_E2.o
 .data          0x00000000        0x0 ADC_E2.o
 .bss           0x00000000        0x0 ADC_E2.o
 .debug_line    0x00000000        0x0 ADC_E2.o
 .debug_str     0x00000000      0x110 ADC_E2.o
 .comment       0x00000000       0x31 ADC_E2.o
 .text          0x00000000        0x0 main.o
 .data          0x00000000        0x0 main.o
 .bss           0x00000000        0x0 main.o
 .text          0x00000000        0x0 uc_clock.o
 .data          0x00000000        0x0 uc_clock.o
 .bss           0x00000000        0x0 uc_clock.o
 .text          0x00000000        0x0 XBee.o
 .data          0x00000000        0x0 XBee.o
 .bss           0x00000000        0x0 XBee.o
 .text.read_Byte_From_XBEE
                0x00000000       0x10 XBee.o
 .text          0x00000000        0x0 c:/program files (x86)/atmel/studio/7.0/toolchain/avr8/avr8-gnu-toolchain/bin/../lib/gcc/avr/5.4.0/avrxmega6\libgcc.a(_exit.o)
 .data          0x00000000        0x0 c:/program files (x86)/atmel/studio/7.0/toolchain/avr8/avr8-gnu-toolchain/bin/../lib/gcc/avr/5.4.0/avrxmega6\libgcc.a(_exit.o)
 .bss           0x00000000        0x0 c:/program files (x86)/atmel/studio/7.0/toolchain/avr8/avr8-gnu-toolchain/bin/../lib/gcc/avr/5.4.0/avrxmega6\libgcc.a(_exit.o)
 .text.libgcc.mul
                0x00000000        0x0 c:/program files (x86)/atmel/studio/7.0/toolchain/avr8/avr8-gnu-toolchain/bin/../lib/gcc/avr/5.4.0/avrxmega6\libgcc.a(_exit.o)
 .text.libgcc.div
                0x00000000        0x0 c:/program files (x86)/atmel/studio/7.0/toolchain/avr8/avr8-gnu-toolchain/bin/../lib/gcc/avr/5.4.0/avrxmega6\libgcc.a(_exit.o)
 .text.libgcc   0x00000000        0x0 c:/program files (x86)/atmel/studio/7.0/toolchain/avr8/avr8-gnu-toolchain/bin/../lib/gcc/avr/5.4.0/avrxmega6\libgcc.a(_exit.o)
 .text.libgcc.prologue
                0x00000000        0x0 c:/program files (x86)/atmel/studio/7.0/toolchain/avr8/avr8-gnu-toolchain/bin/../lib/gcc/avr/5.4.0/avrxmega6\libgcc.a(_exit.o)
 .text.libgcc.builtins
                0x00000000        0x0 c:/program files (x86)/atmel/studio/7.0/toolchain/avr8/avr8-gnu-toolchain/bin/../lib/gcc/avr/5.4.0/avrxmega6\libgcc.a(_exit.o)
 .text.libgcc.fmul
                0x00000000        0x0 c:/program files (x86)/atmel/studio/7.0/toolchain/avr8/avr8-gnu-toolchain/bin/../lib/gcc/avr/5.4.0/avrxmega6\libgcc.a(_exit.o)
 .text.libgcc.fixed
                0x00000000        0x0 c:/program files (x86)/atmel/studio/7.0/toolchain/avr8/avr8-gnu-toolchain/bin/../lib/gcc/avr/5.4.0/avrxmega6\libgcc.a(_exit.o)
 .text          0x00000000        0x0 c:/program files (x86)/atmel/studio/7.0/toolchain/avr8/avr8-gnu-toolchain/bin/../lib/gcc/avr/5.4.0/avrxmega6\libgcc.a(_copy_data.o)
 .data          0x00000000        0x0 c:/program files (x86)/atmel/studio/7.0/toolchain/avr8/avr8-gnu-toolchain/bin/../lib/gcc/avr/5.4.0/avrxmega6\libgcc.a(_copy_data.o)
 .bss           0x00000000        0x0 c:/program files (x86)/atmel/studio/7.0/toolchain/avr8/avr8-gnu-toolchain/bin/../lib/gcc/avr/5.4.0/avrxmega6\libgcc.a(_copy_data.o)
 .text.libgcc.mul
                0x00000000        0x0 c:/program files (x86)/atmel/studio/7.0/toolchain/avr8/avr8-gnu-toolchain/bin/../lib/gcc/avr/5.4.0/avrxmega6\libgcc.a(_copy_data.o)
 .text.libgcc.div
                0x00000000        0x0 c:/program files (x86)/atmel/studio/7.0/toolchain/avr8/avr8-gnu-toolchain/bin/../lib/gcc/avr/5.4.0/avrxmega6\libgcc.a(_copy_data.o)
 .text.libgcc   0x00000000        0x0 c:/program files (x86)/atmel/studio/7.0/toolchain/avr8/avr8-gnu-toolchain/bin/../lib/gcc/avr/5.4.0/avrxmega6\libgcc.a(_copy_data.o)
 .text.libgcc.prologue
                0x00000000        0x0 c:/program files (x86)/atmel/studio/7.0/toolchain/avr8/avr8-gnu-toolchain/bin/../lib/gcc/avr/5.4.0/avrxmega6\libgcc.a(_copy_data.o)
 .text.libgcc.builtins
                0x00000000        0x0 c:/program files (x86)/atmel/studio/7.0/toolchain/avr8/avr8-gnu-toolchain/bin/../lib/gcc/avr/5.4.0/avrxmega6\libgcc.a(_copy_data.o)
 .text.libgcc.fmul
                0x00000000        0x0 c:/program files (x86)/atmel/studio/7.0/toolchain/avr8/avr8-gnu-toolchain/bin/../lib/gcc/avr/5.4.0/avrxmega6\libgcc.a(_copy_data.o)
 .text.libgcc.fixed
                0x00000000        0x0 c:/program files (x86)/atmel/studio/7.0/toolchain/avr8/avr8-gnu-toolchain/bin/../lib/gcc/avr/5.4.0/avrxmega6\libgcc.a(_copy_data.o)

Memory Configuration

Name             Origin             Length             Attributes
text             0x00000000         0x00100000         xr
data             0x00802000         0x0000ffa0         rw !x
eeprom           0x00810000         0x00010000         rw !x
fuse             0x00820000         0x00000006         rw !x
lock             0x00830000         0x00000400         rw !x
signature        0x00840000         0x00000400         rw !x
user_signatures  0x00850000         0x00000400         rw !x
*default*        0x00000000         0xffffffff

Linker script and memory map

LOAD C:/Program Files (x86)/Atmel/Studio/7.0/Packs/atmel/XMEGAA_DFP/1.1.68/gcc/dev/atxmega128a3u/avrxmega6/crtatxmega128a3u.o
LOAD ADC_C1.o
LOAD ADC_C2.o
LOAD ADC_D1.o
LOAD ADC_D2.o
LOAD ADC_E1.o
LOAD ADC_E2.o
LOAD main.o
LOAD uc_clock.o
LOAD XBee.o
START GROUP
LOAD c:/program files (x86)/atmel/studio/7.0/toolchain/avr8/avr8-gnu-toolchain/bin/../lib/gcc/avr/5.4.0/../../../../avr/lib/avrxmega6\libm.a
END GROUP
START GROUP
LOAD c:/program files (x86)/atmel/studio/7.0/toolchain/avr8/avr8-gnu-toolchain/bin/../lib/gcc/avr/5.4.0/avrxmega6\libgcc.a
LOAD c:/program files (x86)/atmel/studio/7.0/toolchain/avr8/avr8-gnu-toolchain/bin/../lib/gcc/avr/5.4.0/../../../../avr/lib/avrxmega6\libm.a
LOAD c:/program files (x86)/atmel/studio/7.0/toolchain/avr8/avr8-gnu-toolchain/bin/../lib/gcc/avr/5.4.0/../../../../avr/lib/avrxmega6\libc.a
LOAD C:/Program Files (x86)/Atmel/Studio/7.0/Packs/atmel/XMEGAA_DFP/1.1.68/gcc/dev/atxmega128a3u/avrxmega6\libatxmega128a3u.a
END GROUP
                0x00100000                __TEXT_REGION_LENGTH__ = DEFINED (__TEXT_REGION_LENGTH__)?__TEXT_REGION_LENGTH__:0x100000
                0x0000ffa0                __DATA_REGION_LENGTH__ = DEFINED (__DATA_REGION_LENGTH__)?__DATA_REGION_LENGTH__:0xffa0
                0x00010000                __EEPROM_REGION_LENGTH__ = DEFINED (__EEPROM_REGION_LENGTH__)?__EEPROM_REGION_LENGTH__:0x10000
                [0x00000006]                __FUSE_REGION_LENGTH__ = DEFINED (__FUSE_REGION_LENGTH__)?__FUSE_REGION_LENGTH__:0x400
                0x00000400                __LOCK_REGION_LENGTH__ = DEFINED (__LOCK_REGION_LENGTH__)?__LOCK_REGION_LENGTH__:0x400
                0x00000400                __SIGNATURE_REGION_LENGTH__ = DEFINED (__SIGNATURE_REGION_LENGTH__)?__SIGNATURE_REGION_LENGTH__:0x400
                0x00000400                __USER_SIGNATURE_REGION_LENGTH__ = DEFINED (__USER_SIGNATURE_REGION_LENGTH__)?__USER_SIGNATURE_REGION_LENGTH__:0x400

.hash
 *(.hash)

.dynsym
 *(.dynsym)

.dynstr
 *(.dynstr)

.gnu.version
 *(.gnu.version)

.gnu.version_d
 *(.gnu.version_d)

.gnu.version_r
 *(.gnu.version_r)

.rel.init
 *(.rel.init)

.rela.init
 *(.rela.init)

.rel.text
 *(.rel.text)
 *(.rel.text.*)
 *(.rel.gnu.linkonce.t*)

.rela.text
 *(.rela.text)
 *(.rela.text.*)
 *(.rela.gnu.linkonce.t*)

.rel.fini
 *(.rel.fini)

.rela.fini
 *(.rela.fini)

.rel.rodata
 *(.rel.rodata)
 *(.rel.rodata.*)
 *(.rel.gnu.linkonce.r*)

.rela.rodata
 *(.rela.rodata)
 *(.rela.rodata.*)
 *(.rela.gnu.linkonce.r*)

.rel.data
 *(.rel.data)
 *(.rel.data.*)
 *(.rel.gnu.linkonce.d*)

.rela.data
 *(.rela.data)
 *(.rela.data.*)
 *(.rela.gnu.linkonce.d*)

.rel.ctors
 *(.rel.ctors)

.rela.ctors
 *(.rela.ctors)

.rel.dtors
 *(.rel.dtors)

.rela.dtors
 *(.rela.dtors)

.rel.got
 *(.rel.got)

.rela.got
 *(.rela.got)

.rel.bss
 *(.rel.bss)

.rela.bss
 *(.rela.bss)

.rel.plt
 *(.rel.plt)

.rela.plt
 *(.rela.plt)

.text           0x00000000      0x484
 *(.vectors)
 .vectors       0x00000000      0x1fc C:/Program Files (x86)/Atmel/Studio/7.0/Packs/atmel/XMEGAA_DFP/1.1.68/gcc/dev/atxmega128a3u/avrxmega6/crtatxmega128a3u.o
                0x00000000                __vector_default
                0x00000000                __vectors
 *(.vectors)
 *(.progmem.gcc*)
                0x000001fc                . = ALIGN (0x2)
                0x000001fc                __trampolines_start = .
 *(.trampolines)
 .trampolines   0x000001fc        0x0 linker stubs
 *(.trampolines*)
                0x000001fc                __trampolines_end = .
 *libprintf_flt.a:*(.progmem.data)
 *libc.a:*(.progmem.data)
 *(.progmem*)
                0x000001fc                . = ALIGN (0x2)
 *(.jumptables)
 *(.jumptables*)
 *(.lowtext)
 *(.lowtext*)
                0x000001fc                __ctors_start = .
 *(.ctors)
                0x000001fc                __ctors_end = .
                0x000001fc                __dtors_start = .
 *(.dtors)
                0x000001fc                __dtors_end = .
 SORT(*)(.ctors)
 SORT(*)(.dtors)
 *(.init0)
 .init0         0x000001fc        0x0 C:/Program Files (x86)/Atmel/Studio/7.0/Packs/atmel/XMEGAA_DFP/1.1.68/gcc/dev/atxmega128a3u/avrxmega6/crtatxmega128a3u.o
                0x000001fc                __init
 *(.init0)
 *(.init1)
 *(.init1)
 *(.init2)
 .init2         0x000001fc       0x10 C:/Program Files (x86)/Atmel/Studio/7.0/Packs/atmel/XMEGAA_DFP/1.1.68/gcc/dev/atxmega128a3u/avrxmega6/crtatxmega128a3u.o
 *(.init2)
 *(.init3)
 *(.init3)
 *(.init4)
 .init4         0x0000020c       0x1a c:/program files (x86)/atmel/studio/7.0/toolchain/avr8/avr8-gnu-toolchain/bin/../lib/gcc/avr/5.4.0/avrxmega6\libgcc.a(_copy_data.o)
                0x0000020c                __do_copy_data
 *(.init4)
 *(.init5)
 *(.init5)
 *(.init6)
 *(.init6)
 *(.init7)
 *(.init7)
 *(.init8)
 *(.init8)
 *(.init9)
 .init9         0x00000226        0x8 C:/Program Files (x86)/Atmel/Studio/7.0/Packs/atmel/XMEGAA_DFP/1.1.68/gcc/dev/atxmega128a3u/avrxmega6/crtatxmega128a3u.o
 *(.init9)
 *(.text)
 .text          0x0000022e        0x4 C:/Program Files (x86)/Atmel/Studio/7.0/Packs/atmel/XMEGAA_DFP/1.1.68/gcc/dev/atxmega128a3u/avrxmega6/crtatxmega128a3u.o
                0x0000022e                __vector_38
                0x0000022e                __vector_104
                0x0000022e                __vector_22
                0x0000022e                __vector_63
                0x0000022e                __vector_28
                0x0000022e                __vector_67
                0x0000022e                __vector_1
                0x0000022e                __vector_119
                0x0000022e                __vector_32
                0x0000022e                __vector_75
                0x0000022e                __vector_71
                0x0000022e                __vector_91
                0x0000022e                __vector_62
                0x0000022e                __vector_77
                0x0000022e                __vector_102
                0x0000022e                __vector_24
                0x0000022e                __vector_12
                0x0000022e                __vector_55
                0x0000022e                __vector_69
                0x0000022e                __vector_81
                0x0000022e                __vector_90
                0x0000022e                __vector_46
                0x0000022e                __bad_interrupt
                0x0000022e                __vector_122
                0x0000022e                __vector_72
                0x0000022e                __vector_114
                0x0000022e                __vector_6
                0x0000022e                __vector_110
                0x0000022e                __vector_31
                0x0000022e                __vector_92
                0x0000022e                __vector_35
                0x0000022e                __vector_78
                0x0000022e                __vector_74
                0x0000022e                __vector_117
                0x0000022e                __vector_39
                0x0000022e                __vector_107
                0x0000022e                __vector_3
                0x0000022e                __vector_105
                0x0000022e                __vector_98
                0x0000022e                __vector_23
                0x0000022e                __vector_68
                0x0000022e                __vector_30
                0x0000022e                __vector_73
                0x0000022e                __vector_45
                0x0000022e                __vector_25
                0x0000022e                __vector_93
                0x0000022e                __vector_61
                0x0000022e                __vector_11
                0x0000022e                __vector_54
                0x0000022e                __vector_99
                0x0000022e                __vector_13
                0x0000022e                __vector_17
                0x0000022e                __vector_19
                0x0000022e                __vector_56
                0x0000022e                __vector_7
                0x0000022e                __vector_125
                0x0000022e                __vector_49
                0x0000022e                __vector_123
                0x0000022e                __vector_41
                0x0000022e                __vector_86
                0x0000022e                __vector_100
                0x0000022e                __vector_101
                0x0000022e                __vector_64
                0x0000022e                __vector_88
                0x0000022e                __vector_109
                0x0000022e                __vector_43
                0x0000022e                __vector_27
                0x0000022e                __vector_5
                0x0000022e                __vector_113
                0x0000022e                __vector_33
                0x0000022e                __vector_76
                0x0000022e                __vector_115
                0x0000022e                __vector_47
                0x0000022e                __vector_52
                0x0000022e                __vector_37
                0x0000022e                __vector_95
                0x0000022e                __vector_103
                0x0000022e                __vector_96
                0x0000022e                __vector_89
                0x0000022e                __vector_108
                0x0000022e                __vector_4
                0x0000022e                __vector_44
                0x0000022e                __vector_82
                0x0000022e                __vector_106
                0x0000022e                __vector_118
                0x0000022e                __vector_51
                0x0000022e                __vector_9
                0x0000022e                __vector_2
                0x0000022e                __vector_21
                0x0000022e                __vector_15
                0x0000022e                __vector_36
                0x0000022e                __vector_79
                0x0000022e                __vector_58
                0x0000022e                __vector_70
                0x0000022e                __vector_83
                0x0000022e                __vector_29
                0x0000022e                __vector_60
                0x0000022e                __vector_121
                0x0000022e                __vector_40
                0x0000022e                __vector_85
                0x0000022e                __vector_94
                0x0000022e                __vector_126
                0x0000022e                __vector_8
                0x0000022e                __vector_26
                0x0000022e                __vector_48
                0x0000022e                __vector_124
                0x0000022e                __vector_116
                0x0000022e                __vector_112
                0x0000022e                __vector_111
                0x0000022e                __vector_80
                0x0000022e                __vector_14
                0x0000022e                __vector_84
                0x0000022e                __vector_57
                0x0000022e                __vector_53
                0x0000022e                __vector_10
                0x0000022e                __vector_50
                0x0000022e                __vector_16
                0x0000022e                __vector_59
                0x0000022e                __vector_18
                0x0000022e                __vector_97
                0x0000022e                __vector_20
                0x0000022e                __vector_42
                0x0000022e                __vector_87
                0x0000022e                __vector_65
                0x0000022e                __vector_120
                0x00000232                . = ALIGN (0x2)
 *(.text.*)
 .text.__vector_66
                0x00000232       0x22 ADC_C2.o
                0x00000232                __vector_66
 .text.setUp_ADC_D2
                0x00000254       0x34 ADC_D2.o
                0x00000254                setUp_ADC_D2
 .text.config_ADC_D2_registers
                0x00000288       0xba ADC_D2.o
                0x00000288                config_ADC_D2_registers
 .text.setUp_ADC_D2_Interrupt
                0x00000342       0x1c ADC_D2.o
                0x00000342                setUp_ADC_D2_Interrupt
 .text.__vector_34
                0x0000035e       0x22 ADC_D2.o
                0x0000035e                __vector_34
 .text.main     0x00000380       0x7a main.o
                0x00000380                main
 .text.setUp32MhzInternalOsc
                0x000003fa       0x34 uc_clock.o
                0x000003fa                setUp32MhzInternalOsc
 .text.setUp_XBEE
                0x0000042e       0x42 XBee.o
                0x0000042e                setUp_XBEE
 .text.send_Byte_To_XBEE
                0x00000470       0x10 XBee.o
                0x00000470                send_Byte_To_XBEE
                0x00000480                . = ALIGN (0x2)
 *(.fini9)
 .fini9         0x00000480        0x0 c:/program files (x86)/atmel/studio/7.0/toolchain/avr8/avr8-gnu-toolchain/bin/../lib/gcc/avr/5.4.0/avrxmega6\libgcc.a(_exit.o)
                0x00000480                _exit
                0x00000480                exit
 *(.fini9)
 *(.fini8)
 *(.fini8)
 *(.fini7)
 *(.fini7)
 *(.fini6)
 *(.fini6)
 *(.fini5)
 *(.fini5)
 *(.fini4)
 *(.fini4)
 *(.fini3)
 *(.fini3)
 *(.fini2)
 *(.fini2)
 *(.fini1)
 *(.fini1)
 *(.fini0)
 .fini0         0x00000480        0x4 c:/program files (x86)/atmel/studio/7.0/toolchain/avr8/avr8-gnu-toolchain/bin/../lib/gcc/avr/5.4.0/avrxmega6\libgcc.a(_exit.o)
 *(.fini0)
                0x00000484                _etext = .

.data           0x00802000        0x8 load address 0x00000484
                0x00802000                PROVIDE (__data_start, .)
 *(.data)
 *(.data*)
 *(.rodata)
 .rodata        0x00802000        0x8 main.o
 *(.rodata*)
 *(.gnu.linkonce.d*)
                0x00802008                . = ALIGN (0x2)
                0x00802008                _edata = .
                0x00802008                PROVIDE (__data_end, .)

.bss            0x00802008        0x0
                [!provide]                PROVIDE (__bss_start, .)
 *(.bss)
 *(.bss*)
 *(COMMON)
                [!provide]                PROVIDE (__bss_end, .)
                0x00000484                __data_load_start = LOADADDR (.data)
                0x0000048c                __data_load_end = (__data_load_start + SIZEOF (.data))

.noinit         0x00802008        0x0
                [!provide]                PROVIDE (__noinit_start, .)
 *(.noinit*)
                [!provide]                PROVIDE (__noinit_end, .)
                0x00802008                _end = .
                [!provide]                PROVIDE (__heap_start, .)

.eeprom         0x00810000        0x0
 *(.eeprom*)
                0x00810000                __eeprom_end = .

.fuse
 *(.fuse)
 *(.lfuse)
 *(.hfuse)
 *(.efuse)

.lock
 *(.lock*)

.signature
 *(.signature*)

.user_signatures
 *(.user_signatures*)

.stab
 *(.stab)

.stabstr
 *(.stabstr)

.stab.excl
 *(.stab.excl)

.stab.exclstr
 *(.stab.exclstr)

.stab.index
 *(.stab.index)

.stab.indexstr
 *(.stab.indexstr)

.comment        0x00000000       0x30
 *(.comment)
 .comment       0x00000000       0x30 ADC_C2.o
                                 0x31 (size before relaxing)
 .comment       0x00000030       0x31 ADC_D2.o
 .comment       0x00000030       0x31 main.o
 .comment       0x00000030       0x31 uc_clock.o
 .comment       0x00000030       0x31 XBee.o

.note.gnu.avr.deviceinfo
                0x00000000       0x40
 .note.gnu.avr.deviceinfo
                0x00000000       0x40 C:/Program Files (x86)/Atmel/Studio/7.0/Packs/atmel/XMEGAA_DFP/1.1.68/gcc/dev/atxmega128a3u/avrxmega6/crtatxmega128a3u.o

.note.gnu.build-id
 *(.note.gnu.build-id)

.debug
 *(.debug)

.line
 *(.line)

.debug_srcinfo
 *(.debug_srcinfo)

.debug_sfnames
 *(.debug_sfnames)

.debug_aranges  0x00000000      0x110
 *(.debug_aranges)
 .debug_aranges
                0x00000000       0x50 ADC_C2.o
 .debug_aranges
                0x00000050       0x50 ADC_D2.o
 .debug_aranges
                0x000000a0       0x20 main.o
 .debug_aranges
                0x000000c0       0x20 uc_clock.o
 .debug_aranges
                0x000000e0       0x30 XBee.o

.debug_pubnames
 *(.debug_pubnames)

.debug_info     0x00000000     0x4661
 *(.debug_info .gnu.linkonce.wi.*)
 .debug_info    0x00000000     0x3409 C:/Program Files (x86)/Atmel/Studio/7.0/Packs/atmel/XMEGAA_DFP/1.1.68/gcc/dev/atxmega128a3u/avrxmega6/crtatxmega128a3u.o
 .debug_info    0x00003409      0x671 ADC_C2.o
 .debug_info    0x00003a7a      0x671 ADC_D2.o
 .debug_info    0x000040eb      0x21b main.o
 .debug_info    0x00004306      0x261 uc_clock.o
 .debug_info    0x00004567       0xfa XBee.o

.debug_abbrev   0x00000000     0x3712
 *(.debug_abbrev)
 .debug_abbrev  0x00000000     0x3148 C:/Program Files (x86)/Atmel/Studio/7.0/Packs/atmel/XMEGAA_DFP/1.1.68/gcc/dev/atxmega128a3u/avrxmega6/crtatxmega128a3u.o
 .debug_abbrev  0x00003148      0x1a9 ADC_C2.o
 .debug_abbrev  0x000032f1      0x1a9 ADC_D2.o
 .debug_abbrev  0x0000349a      0x133 main.o
 .debug_abbrev  0x000035cd       0x9b uc_clock.o
 .debug_abbrev  0x00003668       0xaa XBee.o

.debug_line     0x00000000      0xe2b
 *(.debug_line .debug_line.* .debug_line_end)
 .debug_line    0x00000000      0x39d C:/Program Files (x86)/Atmel/Studio/7.0/Packs/atmel/XMEGAA_DFP/1.1.68/gcc/dev/atxmega128a3u/avrxmega6/crtatxmega128a3u.o
 .debug_line    0x0000039d      0x325 ADC_C2.o
 .debug_line    0x000006c2      0x325 ADC_D2.o
 .debug_line    0x000009e7      0x178 main.o
 .debug_line    0x00000b5f      0x132 uc_clock.o
 .debug_line    0x00000c91      0x19a XBee.o

.debug_frame    0x00000000      0x1dc
 *(.debug_frame)
 .debug_frame   0x00000000       0xa0 ADC_C2.o
 .debug_frame   0x000000a0       0xa0 ADC_D2.o
 .debug_frame   0x00000140       0x34 main.o
 .debug_frame   0x00000174       0x24 uc_clock.o
 .debug_frame   0x00000198       0x44 XBee.o

.debug_str      0x00000000     0x29a4
 *(.debug_str)
 .debug_str     0x00000000     0x223b C:/Program Files (x86)/Atmel/Studio/7.0/Packs/atmel/XMEGAA_DFP/1.1.68/gcc/dev/atxmega128a3u/avrxmega6/crtatxmega128a3u.o
 .debug_str     0x0000223b      0x498 ADC_C2.o
                                0x4d1 (size before relaxing)
 .debug_str     0x000026d3       0x90 ADC_D2.o
                                0x4d1 (size before relaxing)
 .debug_str     0x00002763       0x58 main.o
                                0x24f (size before relaxing)
 .debug_str     0x000027bb      0x14e uc_clock.o
                                0x304 (size before relaxing)
 .debug_str     0x00002909       0x9b XBee.o
                                0x237 (size before relaxing)

.debug_loc      0x00000000      0x8a5
 *(.debug_loc)
 .debug_loc     0x00000000      0x3e6 ADC_C2.o
 .debug_loc     0x000003e6      0x3e6 ADC_D2.o
 .debug_loc     0x000007cc       0xd9 main.o

.debug_macinfo
 *(.debug_macinfo)

.debug_weaknames
 *(.debug_weaknames)

.debug_funcnames
 *(.debug_funcnames)

.debug_typenames
 *(.debug_typenames)

.debug_varnames
 *(.debug_varnames)

.debug_pubtypes
 *(.debug_pubtypes)

.debug_ranges   0x00000000       0xc0
 *(.debug_ranges)
 .debug_ranges  0x00000000       0x40 ADC_C2.o
 .debug_ranges  0x00000040       0x40 ADC_D2.o
 .debug_ranges  0x00000080       0x10 main.o
 .debug_ranges  0x00000090       0x10 uc_clock.o
 .debug_ranges  0x000000a0       0x20 XBee.o

.debug_macro
 *(.debug_macro)
OUTPUT(WSGA_PCB.elf elf32-avr)
LOAD linker stubs
